// Jest Snapshot v1, https://goo.gl/fbAQLP

exports[`renders correctly 1`] = `
<styled.div>
  <GlobalStyleComponent />
  <Game />
</styled.div>
`;
