// Jest Snapshot v1, https://goo.gl/fbAQLP

exports[`renders correctly 1`] = `
<styled.div>
  <ItemCard
    item={
      Object {
        "id": "1",
        "name": "A",
        "value": 50,
      }
    }
    key="1"
  />
  <ItemCard
    item={
      Object {
        "id": "1a",
        "name": "A",
        "value": 50,
      }
    }
    key="1a"
  />
  <ItemCard
    item={
      Object {
        "id": "1b",
        "name": "A",
        "value": 50,
      }
    }
    key="1b"
  />
  <ItemCard
    item={
      Object {
        "id": "2",
        "name": "B",
        "value": 30,
      }
    }
    key="2"
  />
  <ItemCard
    item={
      Object {
        "id": "2a",
        "name": "B",
        "value": 30,
      }
    }
    key="2a"
  />
  <ItemCard
    item={
      Object {
        "id": "3",
        "name": "C",
        "value": 20,
      }
    }
    key="3"
  />
  <ItemCard
    item={
      Object {
        "id": "3a",
        "name": "C",
        "value": 20,
      }
    }
    key="3a"
  />
  <ItemCard
    item={
      Object {
        "id": "3b",
        "name": "C",
        "value": 20,
      }
    }
    key="3b"
  />
  <ItemCard
    item={
      Object {
        "id": "4",
        "name": "D",
        "value": 15,
      }
    }
    key="4"
  />
  <ItemCard
    item={
      Object {
        "id": "4a",
        "name": "D",
        "value": 15,
      }
    }
    key="4a"
  />
  <ItemCard
    item={
      Object {
        "id": "4b",
        "name": "D",
        "value": 15,
      }
    }
    key="4b"
  />
</styled.div>
`;
